../Core/Src/main.c:79:9:ISM330_I2C_Read	40	static
../Core/Src/main.c:86:6:ISM330_I2C_Write	32	static
../Core/Src/main.c:92:6:ISM330_Init	16	static
../Core/Src/main.c:105:6:ISM330_Read_AccelGyro	48	static
../Core/Src/main.c:129:5:main	8	static
../Core/Src/main.c:209:6:HAL_CAN_RxFifo0MsgPendingCallback	56	static
../Core/Src/main.c:224:6:SystemClock_Config	72	static
../Core/Src/main.c:263:13:MX_I2C1_Init	8	static
../Core/Src/main.c:296:13:MX_CAN_Init	48	static
../Core/Src/main.c:345:13:MX_GPIO_Init	24	static
../Core/Src/main.c:369:6:Error_Handler	4	static,ignoring_inline_asm
