../Core/Src/main.c:80:9:ISM330_I2C_Read	40	static
../Core/Src/main.c:87:6:ISM330_I2C_Write	32	static
../Core/Src/main.c:93:6:ISM330_Init	16	static
../Core/Src/main.c:106:6:ISM330_Read_AccelGyro	48	static
../Core/Src/main.c:125:6:ISM330DHCX_ReadRaw	48	static
../Core/Src/main.c:151:5:main	24	static
../Core/Src/main.c:239:6:HAL_CAN_RxFifo0MsgPendingCallback	56	static
../Core/Src/main.c:254:6:SystemClock_Config	72	static
../Core/Src/main.c:293:13:MX_I2C1_Init	8	static
../Core/Src/main.c:326:13:MX_CAN_Init	48	static
../Core/Src/main.c:375:13:MX_GPIO_Init	24	static
../Core/Src/main.c:392:6:sendMotionStatusToNodeA	56	static
../Core/Src/main.c:423:6:Error_Handler	4	static,ignoring_inline_asm
