../Core/Src/vehiclefulectri.c:30:6:sendTemperatureHumidityMessage	48	static
../Core/Src/vehiclefulectri.c:49:6:sendUSDDefaultSessionMessage	40	static
../Core/Src/vehiclefulectri.c:66:6:sendUDSNegativResponse	40	static
../Core/Src/vehiclefulectri.c:84:6:sendFuelEconomyMessage	56	static
../Core/Src/vehiclefulectri.c:100:6:FuelEconomy_Ctrl	16	static
../Core/Src/vehiclefulectri.c:123:6:handleCANRxMessage	104	static
../Core/Src/vehiclefulectri.c:202:6:processMotionStatusNormal	8	static
../Core/Src/vehiclefulectri.c:212:6:handleMotionWarning	8	static
../Core/Src/vehiclefulectri.c:223:6:handleMotionCritical	8	static
../Core/Src/vehiclefulectri.c:234:6:handleUnknownMotionStatus	80	static
../Core/Src/vehiclefulectri.c:243:6:triggerSafetyProtocol	4	static
../Core/Src/vehiclefulectri.c:251:6:logMotionEvent	16	static
